select * from instructor where salary > 200
select * from student where cpi > 10 and name = 'shyam'
select * from instructor where salary > 200
select * from student where cpi > 10 and name = 'shyam'
select * from instructor where department = 'computer' and salary > 100
select * from instructor where department = 'computer' and salary > 100
select * from student where hostel = 9 and cpi > 11
select * from student where department = 'computer' and cpi < 8
select * from student;
select * from student where department = 'computer'
select count(*) from student;
select rno from student;
select rno from student;
select name from student where department = "computer";
select * from student where name = 'deependra';
select cpi from student;
select * from student where cpi > 8;
select * from student where cpi > 8;
select * from student;